// Jest Snapshot v1, https://goo.gl/fbAQLP

exports[`Login view should match the snapshot 1`] = `
.c6 {
  display: block;
  width: 100%;
  border-radius: 3px;
  padding: 5px 10px;
  box-sizing: border-box;
  font-size: 14px;
  min-height: 35px;
  outline: none;
  font-weight: bold;
  -webkit-transition: background .2s;
  transition: background .2s;
  border: 1px solid #A0A0A0;
  color: #FF7079;
  background: white;
}

.c6:hover {
  border: 1px solid #FF7079;
}

.c6:focus {
  border-color: #FF7079;
  box-shadow: 0px 0px 0px 1px #FF7079;
}

.c6::-webkit-input-placeholder {
  color: #A0A0A0;
  font-weight: 500;
}

.c6::-moz-placeholder {
  color: #A0A0A0;
  font-weight: 500;
}

.c6:-ms-input-placeholder {
  color: #A0A0A0;
  font-weight: 500;
}

.c6::placeholder {
  color: #A0A0A0;
  font-weight: 500;
}

.c4 h4 {
  margin-bottom: 10px;
  color: #A0A0A0;
}

.c5 {
  color: #A0A0A0;
}

.c8 {
  border-radius: 3px;
  font-weight: bold;
  font-size: 14px;
  outline: none;
  text-align: center;
  background: #FFFFFF;
  -webkit-transition: color ease .2s;
  transition: color ease .2s;
  -webkit-transition: background ease .2s;
  transition: background ease .2s;
  width: 100%;
  border: 2px solid #FF7079;
  color: #FF7079;
  cursor: pointer;
}

.c8:hover,
.c8:focus {
  background: #FF7079;
  color: #FFFFFF !important;
}

.c8:hover svg,
.c8:focus svg {
  fill: #FFFFFF;
}

.c8:active {
  background: #EF6069;
}

.c11 {
  color: #FF7079;
  font-size: 14px;
  padding: 2px;
  cursor: pointer;
}

.c11:hover {
  background: #FF7079;
  color: #FFFFFF;
}

.c10 {
  color: #FF7079;
}

.c1 {
  position: fixed;
  top: 0;
  left: 0;
  right: 0;
  height: 23px;
  z-index: 3;
  -webkit-app-region: drag;
}

.c0 {
  display: grid;
  grid-template-rows: repeat(4,25vh);
  grid-template-columns: repeat(6,minmax(100px,1fr));
  -webkit-align-items: center;
  -webkit-box-align: center;
  -ms-flex-align: center;
  align-items: center;
  justify-items: center;
}

.c2 {
  padding: 40px;
  grid-column: 2 / 6;
  grid-row: 2 / 4;
  min-width: 300px;
}

.c3 {
  text-align: center;
  font-size: 40px;
  color: #FF7079;
}

.c9 {
  grid-row: 4;
  grid-column: 2 / 6;
  -webkit-align-self: end;
  -ms-flex-item-align: end;
  align-self: end;
  margin-bottom: 20px;
}

.c7 {
  padding: 10px 5px;
  margin: 25px auto 0px auto;
}

<div
  className="c0"
>
  <div
    className="c1"
  />
  <form
    className="c2"
    onSubmit={[Function]}
  >
    <h1
      className="c3"
    >
      Redshape
    </h1>
    <div
      className="form-group undefined c4"
    >
      <h4
        className="c5"
        htmlFor="username"
      >
        Login
      </h4>
      <input
        className="c6"
        disabled={false}
        name="username"
        onBlur={[Function]}
        onChange={[Function]}
        type="text"
        value=""
      />
    </div>
    <div
      className="form-group undefined c4"
    >
      <h4
        className="c5"
        htmlFor="password"
      >
        Password
      </h4>
      <input
        className="c6"
        disabled={false}
        name="password"
        onBlur={[Function]}
        onChange={[Function]}
        type="password"
        value=""
      />
    </div>
    <div
      className="form-group undefined c4"
    >
      <h4
        className="c5"
        htmlFor="redmineEndpoint"
      >
        Redmine Endpoint
      </h4>
      <input
        className="c6"
        disabled={false}
        name="redmineEndpoint"
        onBlur={[Function]}
        onChange={[Function]}
        placeholder="https://redmine.example.com"
        type="text"
        value=""
      />
    </div>
    <button
      className="c7 c8"
      disabled={false}
      type="submit"
    >
      Submit
    </button>
  </form>
  <div
    className="c9"
  >
    <p
      className="c10"
    >
      Created byÂ 
      <a
        className="c11"
        href="https://spring3.github.io/website/"
        onClick={[Function]}
        rel="noopener noreferer"
        type="external"
      >
        Daniyil Vasylenko
      </a>
    </p>
  </div>
</div>
`;
