// Jest Snapshot v1, https://goo.gl/fbAQLP

exports[`SummaryPage => OptionsBlock component should match the snapshot 1`] = `
.c4 {
  border: 0;
  -webkit-clip: rect(0 0 0 0);
  clip: rect(0 0 0 0);
  -webkit-clippath: inset(50%);
  clippath: inset(50%);
  height: 1px;
  margin: -1px;
  overflow: hidden;
  padding: 0;
  position: absolute;
  white-space: nowrap;
  width: 1px;
}

.c5 {
  display: inline-block;
  width: 16px;
  height: 16px;
  background: #FF7079 transition:background .2s;
  border: 2px solid transparent;
  border-radius: 3px;
  cursor: pointer;
  background: #FF7079;
  border-color: #FF7079;
}

.c5 svg {
  visibility: visible;
  position: relative;
  vertical-align: middle;
  bottom: 3px;
}

.c3:not(:disabled):hover + .c5,
.c3:focus + .c5 {
  box-shadow: 0px 0px 5px 1px #FF7F87;
}

.c3:disabled + .c5 {
  background: #F9F9F9;
  border-color: lightgrey;
}

.c2 {
  display: inline-block;
  vertical-align: middle;
}

.c2 + span {
  margin-left: 10px;
  vertical-align: middle;
}

.c0 h4 {
  margin-bottom: 10px;
  color: #A0A0A0;
}

.c1 {
  color: #A0A0A0;
}

.c6 {
  margin-top: 10px;
}

<div>
  <div
    className="form-group undefined c0"
  >
    <h4
      className="c1"
      htmlFor="queryOptions"
    >
      Options
    </h4>
    <div
      id="queryOptions"
    >
      <label>
        <div
          className="c2"
        >
          <input
            checked={true}
            className="c3 c4"
            disabled={false}
            onChange={[Function]}
            type="checkbox"
          />
          <div
            checked={true}
            className="c5"
          >
            <svg
              className="mdi-icon "
              fill="white"
              height="18"
              viewBox="0 0 24 24"
              width="18"
            >
              <path
                d="M21,7L9,19L3.5,13.5L4.91,12.09L9,16.17L19.59,5.59L21,7Z"
              />
            </svg>
          </div>
        </div>
        <span>
          Include Closed
        </span>
      </label>
    </div>
  </div>
  <div
    className="c6"
  >
    <label>
      <div
        className="c2"
      >
        <input
          checked={true}
          className="c3 c4"
          disabled={false}
          onChange={[Function]}
          type="checkbox"
        />
        <div
          checked={true}
          className="c5"
        >
          <svg
            className="mdi-icon "
            fill="white"
            height="18"
            viewBox="0 0 24 24"
            width="18"
          >
            <path
              d="M21,7L9,19L3.5,13.5L4.91,12.09L9,16.17L19.59,5.59L21,7Z"
            />
          </svg>
        </div>
      </div>
      <span>
        Use Colors
      </span>
    </label>
  </div>
</div>
`;
