// Jest Snapshot v1, https://goo.gl/fbAQLP

exports[`Table component should match the snapshot 1`] = `
.c0 tbody {
  text-align: center;
  font-size: 14px;
  overflow-y: scroll;
  display: block;
  max-height: 450px;
}

.c0 tbody tr th {
  padding: 15px;
  position: -webkit-sticky;
  position: sticky;
  top: 0;
  font-weight: 900;
  -webkit-transition: color ease;
  transition: color ease;
}

.c0 tbody tr th:hover {
  cursor: pointer;
}

.c0 tbody tr th svg {
  vertical-align: middle;
}

.c0 tbody tr th.due-date {
  width: 90px;
}

.c0 tbody tr td {
  padding: 15px;
  font-weight: 500;
  -webkit-transition: background ease;
  transition: background ease;
}

.c0 tbody tr:hover {
  cursor: pointer;
}

<table
  cellPadding={0}
  cellSpacing={0}
  className="c0"
  width="100%"
>
  <tbody>
    <tr>
      <th>
        Name
      </th>
      <th>
        Surname
      </th>
    </tr>
    <tr>
      <td>
        Van
      </td>
      <td>
        Helsing
      </td>
    </tr>
    <tr>
      <td>
        Pewdie
      </td>
      <td>
        Pie
      </td>
    </tr>
  </tbody>
</table>
`;
