// Jest Snapshot v1, https://goo.gl/fbAQLP

exports[`IssueDetails page should match the snapshot 1`] = `
.c6 {
  color: #FF7079;
  font-size: 14px;
  padding: 2px;
  cursor: pointer;
}

.c6:hover {
  background: #FF7079;
  color: #FFFFFF;
}

.c18 {
  border-radius: 3px;
  font-weight: bold;
  font-size: 14px;
  outline: none;
  text-align: center;
  -webkit-transition: color ease .2s;
  transition: color ease .2s;
  -webkit-transition: background ease .2s;
  transition: background ease .2s;
  width: auto;
  border: 2px solid #FF7079;
  color: #FF7079;
  cursor: pointer;
}

.c18:hover,
.c18:focus {
  background: #FF7079;
  color: #FFFFFF;
}

.c18:hover svg,
.c18:focus svg {
  fill: #FFFFFF;
}

.c18:active {
  background: #EF6069;
}

.c4 {
  -webkit-text-decoration: none;
  text-decoration: none;
  color: #FF7079;
  -webkit-transition: color ease .2s;
  transition: color ease .2s;
}

.c4:hover {
  color: #EF6069;
}

.c4:hover svg {
  fill: #EF6069;
}

.c4:active,
.c4:focus,
.c4:visited {
  background: transparent;
}

.c9 {
  display: -webkit-box;
  display: -webkit-flex;
  display: -ms-flexbox;
  display: flex;
  -webkit-flex-direction: column;
  -ms-flex-direction: column;
  flex-direction: column;
  -webkit-box-pack: center;
  -webkit-justify-content: center;
  -ms-flex-pack: center;
  justify-content: center;
  -webkit-align-items: center;
  -webkit-box-align: center;
  -ms-flex-align: center;
  align-items: center;
}

.c10 {
  background: #F9F9F9;
  position: relative;
  border-radius: 5px;
  height: 5px;
}

.c11 {
  border-radius: 5px;
  max-width: 100%;
  width: 0;
  -webkit-transition: width ease;
  transition: width ease;
  width: 0.5% !important;
  height: 5px;
  background: #FF7079;
}

.c13 {
  border-radius: 5px;
  max-width: 100%;
  width: 0;
  -webkit-transition: width ease;
  transition: width ease;
  width: 0% !important;
  height: 5px;
  background: #FF7079;
}

.c30 {
  font-size: 14px;
  resize: none;
  overflow: hidden;
  height: auto;
  width: 100%;
  line-height: 1.5rem;
  box-sizing: border-box;
}

.c28 {
  position: absolute;
  display: none;
  border-radius: 3px;
  top: -50px;
  left: 50%;
  width: auto;
  -webkit-transform: translateX(-50%);
  -ms-transform: translateX(-50%);
  transform: translateX(-50%);
  padding: 5px;
  background: #FFFFFF;
  color: #EF6069;
  text-align: center;
  font-size: 12px;
  white-space: nowrap;
  box-shadow: 0px 2px 7px #909090;
}

.c28::after {
  content: ' ';
  position: absolute;
  top: 100%;
  left: 50%;
  width: auto;
  -webkit-transform: translateX(-50%);
  -ms-transform: translateX(-50%);
  transform: translateX(-50%);
  border: 2px solid black;
  border-width: 5px;
  border-color: #FFFFFF transparent transparent transparent;
}

.c26 {
  display: inline-block;
  position: relative;
}

.c26:hover .c27 {
  display: block;
}

.c25 {
  display: inline;
  margin-right: 10px;
  position: relative;
  cursor: pointer;
}

.c25:hover svg {
  color: #FF7079 !important;
}

.c23 {
  list-style-type: none;
  margin: 0px 0px 10px 0px;
  padding: 5px 0px;
  width: 100%;
}

.c23 li:first-child {
  margin-left: 0;
}

.c23 li:last-child {
  float: right;
  margin-right: 0;
}

.c23 .c24:last-child {
  bottom: 1px;
}

.c23 .c24:last-child a {
  display: -webkit-box;
  display: -webkit-flex;
  display: -ms-flexbox;
  display: flex;
  -webkit-align-items: center;
  -webkit-box-align: center;
  -ms-flex-align: center;
  align-items: center;
}

.c29 {
  padding: 10px;
  border-radius: 3px;
  outline: none;
  border: 1px solid #909090;
}

.c29:hover {
  border-color: #FF7079;
}

.c29:focus {
  border: 2px solid #FF7079;
}

.c14 {
  box-sizing: border-box;
  overflow: hidden;
}

.c12 {
  position: relative;
  display: inline-grid;
  grid-template-rows: 1fr;
}

.c12 span {
  float: left;
  grid-row: 1;
  grid-column: 1;
}

.c12 span:last-child {
  opacity: 0;
  display: none;
}

.c16 {
  display: -webkit-box;
  display: -webkit-flex;
  display: -ms-flexbox;
  display: flex;
  -webkit-align-items: center;
  -webkit-box-align: center;
  -ms-flex-align: center;
  align-items: center;
  -webkit-box-pack: justify;
  -webkit-justify-content: space-between;
  -ms-flex-pack: justify;
  justify-content: space-between;
  background: #F9F9F9;
  border-radius: 3px;
}

.c16 h2 {
  display: inline-block;
  margin-left: 15px;
  margin-right: 15px;
}

.c16 > div {
  margin-right: 15px;
  background: #F9F9F9;
  padding: 0px 5px;
  border-radius: 3px;
}

.c16 > div button {
  background: #F9F9F9;
  margin: 0px 5px;
}

.c17 {
  display: -webkit-inline-box;
  display: -webkit-inline-flex;
  display: -ms-inline-flexbox;
  display: inline-flex;
  -webkit-align-items: center;
  -webkit-box-align: center;
  -ms-flex-align: center;
  align-items: center;
  background: #FF7F87;
}

.c15 {
  background: white;
  padding-top: 35px;
  max-height: 450px;
  min-width: 340px;
}

.c19 {
  list-style-type: none;
  padding: 0;
  margin: 0;
  overflow-y: scroll;
  max-height: 400px;
}

.c19 li {
  cursor: pointer;
  display: block;
  padding: 10px;
  margin: 20px auto 0px auto;
  border-radius: 3px;
  border: 2px solid transparent;
}

.c19 li div:first-child {
  display: -webkit-box;
  display: -webkit-flex;
  display: -ms-flexbox;
  display: flex;
  -webkit-align-items: center;
  -webkit-box-align: center;
  -ms-flex-align: center;
  align-items: center;
  -webkit-box-pack: justify;
  -webkit-justify-content: space-between;
  -ms-flex-pack: justify;
  justify-content: space-between;
}

.c19 li div:first-child a {
  margin-left: 10px;
  visibility: hidden;
}

.c19 li div:first-child div {
  -webkit-box-flex: 1;
  -webkit-flex-grow: 1;
  -ms-flex-positive: 1;
  flex-grow: 1;
  display: -webkit-box;
  display: -webkit-flex;
  display: -ms-flexbox;
  display: flex;
  -webkit-box-pack: justify;
  -webkit-justify-content: space-between;
  -ms-flex-pack: justify;
  justify-content: space-between;
}

.c19 li div:first-child div span.time,
.c19 li div:first-child div span.date {
  margin-right: 5px;
  font-size: 12px;
  color: #909090;
}

.c19 li div:first-child div span.username {
  font-weight: bold;
  margin-right: 5px;
  color: #3F3844;
}

.c19 li p {
  margin-bottom: 0px;
  min-width: 100%;
  width: 0;
  line-height: 2;
  min-width: 320px;
}

.c19 li:hover {
  background: #F9F9F9;
}

.c19 li:hover div:first-child a {
  visibility: visible;
}

.c20 {
  background: white;
  padding: 20px;
  margin-bottom: 60px;
}

.c31 {
  font-size: 12px;
  margin-top: 0px;
  color: #909090;
}

.c31 a {
  font-size: inherit !important;
  margin-right: 5px;
}

.c21 {
  list-style-type: none;
  padding: 0;
}

.c21 li {
  background: #F9F9F9;
  display: block;
  border-radius: 3px;
  margin-bottom: 20px;
}

.c21 li div.commentsHeader {
  display: -webkit-box;
  display: -webkit-flex;
  display: -ms-flexbox;
  display: flex;
  -webkit-box-pack: justify;
  -webkit-justify-content: space-between;
  -ms-flex-pack: justify;
  justify-content: space-between;
  padding: 20px;
  border-bottom: 2px solid #FFFFFF;
}

.c21 li div.commentsHeader span:first-child {
  font-weight: bold;
  color: #3F3844;
}

.c21 li div.commentsHeader span:last-child {
  font-weight: bold;
  color: #909090;
  -webkit-transition: color ease .2s;
  transition: color ease .2s;
  text-align: center;
}

.c21 li div.commentsHeader span:last-child:hover {
  color: #3F3844;
}

.c21 li iframe {
  padding: 5px 20px 0px 20px;
}

.c22 {
  margin-top: 40px;
  padding: 20px;
  border-radius: 3px;
  border: 2px solid #F9F9F9;
}

.c1 {
  display: -webkit-box;
  display: -webkit-flex;
  display: -ms-flexbox;
  display: flex;
  padding: 20px;
}

.c0 {
  background: white;
  padding: 20px;
  margin-bottom: 60px;
}

.c8 {
  list-style-type: none;
  font-weight: 500;
  margin: 0;
  padding: 0;
  width: auto;
  float: left;
  padding-right: 20px;
  border-radius: 3px;
}

.c8 li {
  -webkit-columns: 2;
  columns: 2;
  margin-bottom: 10px;
  padding: 5px 0px 5px 0px;
  display: -webkit-box;
  display: -webkit-flex;
  display: -ms-flexbox;
  display: flex;
  -webkit-align-items: center;
  -webkit-box-align: center;
  -ms-flex-align: center;
  align-items: center;
}

.c8 li div {
  width: 150px;
}

.c8 li div:first-child {
  font-weight: bold;
}

.c5 {
  font-size: 12px;
  margin-top: 0px;
  color: #909090;
}

.c5 a {
  font-size: inherit !important;
  margin-right: 5px;
}

.c7 {
  display: inline-block;
  width: 100%;
  margin-top: 10px;
}

.c3 svg {
  border-radius: 3px;
  color: #FF7079;
  border: 2px solid transparent;
  -webkit-transition: all ease .2s;
  transition: all ease .2s;
}

.c3 svg:hover {
  color: #FF7079;
  border: 2px solid #FF7079;
}

.c3 svg {
  -webkit-animation: ikNrtx 2s ease-in infinite;
  animation: ikNrtx 2s ease-in infinite;
}

.c3 svg:hover {
  -webkit-animation-play-state: paused;
  animation-play-state: paused;
}

.c2 {
  -webkit-box-flex: 1;
  -webkit-flex-grow: 1;
  -ms-flex-positive: 1;
  flex-grow: 1;
}

<section
  className="c0"
>
  <div
    className="c1"
  >
    <div
      className="c2"
    >
      <a
        className="c3 c4"
        disabled={false}
        href="#"
        onClick={[Function]}
      >
        <svg
          className="mdi-icon "
          fill="currentColor"
          height={30}
          viewBox="0 0 24 24"
          width={30}
        >
          <path
            d="M20,11V13H8L13.5,18.5L12.08,19.92L4.16,12L12.08,4.08L13.5,5.5L8,11H20Z"
          />
        </svg>
      </a>
      <h2>
        <span>
          #
          1
           
        </span>
        <span>
          Test
        </span>
      </h2>
      <p
        className="c5"
      >
        Created by 
        <a
          className="c6"
          onClick={[Function]}
          rel="noopener noreferer"
        >
          Author 1
        </a>
      </p>
      <div
        className="c7"
      >
        <ul
          className="c8"
        >
          <li>
            <div>
              Tracker: 
            </div>
            <div>
              Issue
            </div>
          </li>
          <li>
            <div>
              Status:
            </div>
            <div>
              Open
            </div>
          </li>
          <li>
            <div>
              Priority: 
            </div>
            <div>
              Low
            </div>
          </li>
          <li>
            <div>
              Assignee: 
            </div>
            <div>
              John Wayne
            </div>
          </li>
          <li>
            <div>
              Project: 
            </div>
            <div>
              Project 1
            </div>
          </li>
          <li>
            <div>
              Progress: 
            </div>
            <div>
              <div
                className="c9"
              >
                <div
                  className="c10"
                  height={5}
                >
                  <div
                    className="c11"
                    height={5}
                  />
                </div>
              </div>
            </div>
          </li>
        </ul>
        <ul
          className="c8"
        >
          <li>
            <div>
              Target version: 
            </div>
            <div />
          </li>
          <li>
            <div>
              Start date: 
            </div>
            <span
              className="c12"
            >
              <span>
                Jan 01 2011
              </span>
              <span>
                Jan 01 2011
              </span>
            </span>
          </li>
          <li>
            <div>
              Due date: 
            </div>
            <span
              className="c12"
            >
              <span>
                Jan 01 2011
              </span>
              <span>
                Jan 01 2011
              </span>
            </span>
          </li>
          <li>
            <div>
              Estimation: 
            </div>
            <div>
              15 hours
            </div>
          </li>
          <li>
            <div>
              Time spent: 
            </div>
            <div>
              2.00
               hours
            </div>
          </li>
          <li>
            <div>
              Time cap: 
            </div>
            <div>
              <div
                className="c9"
              >
                <div
                  className="c10"
                  height={5}
                >
                  <div
                    className="c13"
                    height={5}
                  />
                </div>
              </div>
            </div>
          </li>
        </ul>
      </div>
      <div>
        <h3>
          Description
        </h3>
        <iframe
          className="c14"
          frameBorder="0"
          onLoad={[Function]}
          srcDoc="<p>Fixture test issue</p>"
          width="100%"
        />
      </div>
    </div>
    <div
      className="c15"
    >
      <div
        className="c16"
      >
        <h2
          className="padded"
        >
          Time spent
        </h2>
        <div>
          <button
            className="c17 c18"
            disabled={false}
            onClick={[Function]}
            type="button"
          >
            <svg
              className="mdi-icon "
              fill="currentColor"
              height={22}
              viewBox="0 0 24 24"
              width={22}
            >
              <path
                d="M19,13H13V19H11V13H5V11H11V5H13V11H19V13Z"
              />
            </svg>
            <span>
               Add
            </span>
          </button>
          <button
            className="c17 c18"
            disabled={false}
            onClick={[Function]}
            type="button"
          >
            <svg
              className="mdi-icon "
              fill="currentColor"
              height={22}
              viewBox="0 0 24 24"
              width={22}
            >
              <path
                d="M12,20C8.13,20 5,16.87 5,13C5,9.13 8.13,6 12,6C15.87,6 19,9.13 19,13C19,16.87 15.87,20 12,20M19.03,7.39L20.45,5.97C20,5.46 19.55,5 19.04,4.56L17.62,6C16.07,4.74 14.12,4 12,4C7.03,4 3,8.03 3,13C3,17.97 7.03,22 12,22C17,22 21,17.97 21,13C21,10.88 20.26,8.93 19.03,7.39M11,14H13V8H11M15,1H9V3H15V1Z"
              />
            </svg>
            <span>
               Track
            </span>
          </button>
        </div>
      </div>
      <ul
        className="c19"
      />
    </div>
  </div>
  <section
    className="c20"
  >
    <div>
      <h2>
        Comments
      </h2>
      <ul
        className="c21"
      />
      <div
        className="c22"
      >
        <div>
          <ul
            className="c23"
          >
            <li
              className="c24 c25"
              onClick={[Function]}
            >
              <div
                className="c26"
              >
                <svg
                  className="mdi-icon "
                  fill="currentColor"
                  height={24}
                  viewBox="0 0 24 24"
                  width={24}
                >
                  <path
                    d="M13.5,15.5H10V12.5H13.5C14.33,12.5 15,13.17 15,14C15,14.83 14.33,15.5 13.5,15.5M10,6.5H13C13.83,6.5 14.5,7.17 14.5,8C14.5,8.83 13.83,9.5 13,9.5H10M15.6,10.79C16.57,10.11 17.25,9 17.25,8C17.25,5.74 15.5,4 13.25,4H7V18H14.04C16.14,18 17.75,16.3 17.75,14.21C17.75,12.69 16.89,11.39 15.6,10.79Z"
                  />
                </svg>
                <p
                  className="tooltip c27 c28"
                >
                  Bold text
                </p>
              </div>
            </li>
            <li
              className="c24 c25"
              onClick={[Function]}
            >
              <div
                className="c26"
              >
                <svg
                  className="mdi-icon "
                  fill="currentColor"
                  height={24}
                  viewBox="0 0 24 24"
                  width={24}
                >
                  <path
                    d="M10,4V7H12.21L8.79,15H6V18H14V15H11.79L15.21,7H18V4H10Z"
                  />
                </svg>
                <p
                  className="tooltip c27 c28"
                >
                  Italic text
                </p>
              </div>
            </li>
            <li
              className="c24 c25"
              onClick={[Function]}
            >
              <div
                className="c26"
              >
                <svg
                  className="mdi-icon "
                  fill="currentColor"
                  height={24}
                  viewBox="0 0 24 24"
                  width={24}
                >
                  <path
                    d="M5,21H19V19H5V21M12,17C15.31,17 18,14.31 18,11V3H15.5V11C15.5,12.93 13.93,14.5 12,14.5C10.07,14.5 8.5,12.93 8.5,11V3H6V11C6,14.31 8.69,17 12,17Z"
                  />
                </svg>
                <p
                  className="tooltip c27 c28"
                >
                  Underlined text
                </p>
              </div>
            </li>
            <li
              className="c24 c25"
              onClick={[Function]}
            >
              <div
                className="c26"
              >
                <svg
                  className="mdi-icon "
                  fill="currentColor"
                  height={24}
                  viewBox="0 0 24 24"
                  width={24}
                >
                  <path
                    d="M3,14H21V12H3M5,4V7H10V10H14V7H19V4M10,19H14V16H10V19Z"
                  />
                </svg>
                <p
                  className="tooltip c27 c28"
                >
                  Crossed out text
                </p>
              </div>
            </li>
            <li
              className="c24 c25"
              onClick={[Function]}
            >
              <div
                className="c26"
              >
                <svg
                  className="mdi-icon "
                  fill="currentColor"
                  height={24}
                  viewBox="0 0 24 24"
                  width={24}
                >
                  <path
                    d="M14.6,16.6L19.2,12L14.6,7.4L16,6L22,12L16,18L14.6,16.6M9.4,16.6L4.8,12L9.4,7.4L8,6L2,12L8,18L9.4,16.6Z"
                  />
                </svg>
                <p
                  className="tooltip c27 c28"
                >
                  Code block
                </p>
              </div>
            </li>
            <li
              className="c24 c25"
              onClick={[Function]}
            >
              <div
                className="c26"
              >
                <svg
                  className="mdi-icon "
                  fill="currentColor"
                  height={24}
                  viewBox="0 0 24 24"
                  width={24}
                >
                  <path
                    d="M3,4H5V10H9V4H11V18H9V12H5V18H3V4M14,18V16H16V6.31L13.5,7.75V5.44L16,4H18V16H20V18H14Z"
                  />
                </svg>
                <p
                  className="tooltip c27 c28"
                >
                  XL Header
                </p>
              </div>
            </li>
            <li
              className="c24 c25"
              onClick={[Function]}
            >
              <div
                className="c26"
              >
                <svg
                  className="mdi-icon "
                  fill="currentColor"
                  height={24}
                  viewBox="0 0 24 24"
                  width={24}
                >
                  <path
                    d="M3,4H5V10H9V4H11V18H9V12H5V18H3V4M21,18H15C13.9,18 13,17.1 13,16C13,15.47 13.2,15 13.54,14.64L18.41,9.41C18.78,9.05 19,8.55 19,8C19,6.9 18.1,6 17,6C15.9,6 15,6.9 15,8H13C13,5.79 14.79,4 17,4C19.21,4 21,5.79 21,8C21,9.1 20.55,10.1 19.83,10.83L15,16H21V18Z"
                  />
                </svg>
                <p
                  className="tooltip c27 c28"
                >
                  L Header
                </p>
              </div>
            </li>
            <li
              className="c24 c25"
              onClick={[Function]}
            >
              <div
                className="c26"
              >
                <svg
                  className="mdi-icon "
                  fill="currentColor"
                  height={24}
                  viewBox="0 0 24 24"
                  width={24}
                >
                  <path
                    d="M3,4H5V10H9V4H11V18H9V12H5V18H3V4M15,4H19C20.1,4 21,4.9 21,6V16C21,17.1 20.1,18 19,18H15C13.9,18 13,17.1 13,16V15H15V16H19V12H15V10H19V6H15V7H13V6C13,4.9 13.9,4 15,4Z"
                  />
                </svg>
                <p
                  className="tooltip c27 c28"
                >
                  M Header
                </p>
              </div>
            </li>
            <li
              className="c24 c25"
              onClick={[Function]}
            >
              <div
                className="c26"
              >
                <svg
                  className="mdi-icon "
                  fill="currentColor"
                  height={24}
                  viewBox="0 0 24 24"
                  width={24}
                >
                  <path
                    d="M7,5H21V7H7V5M7,13V11H21V13H7M4,4.5C4.83,4.5 5.5,5.17 5.5,6C5.5,6.83 4.83,7.5 4,7.5C3.17,7.5 2.5,6.83 2.5,6C2.5,5.17 3.17,4.5 4,4.5M4,10.5C4.83,10.5 5.5,11.17 5.5,12C5.5,12.83 4.83,13.5 4,13.5C3.17,13.5 2.5,12.83 2.5,12C2.5,11.17 3.17,10.5 4,10.5M7,19V17H21V19H7M4,16.5C4.83,16.5 5.5,17.17 5.5,18C5.5,18.83 4.83,19.5 4,19.5C3.17,19.5 2.5,18.83 2.5,18C2.5,17.17 3.17,16.5 4,16.5Z"
                  />
                </svg>
                <p
                  className="tooltip c27 c28"
                >
                  Bulleted List
                </p>
              </div>
            </li>
            <li
              className="c24 c25"
              onClick={[Function]}
            >
              <div
                className="c26"
              >
                <svg
                  className="mdi-icon "
                  fill="currentColor"
                  height={24}
                  viewBox="0 0 24 24"
                  width={24}
                >
                  <path
                    d="M7,13V11H21V13H7M7,19V17H21V19H7M7,7V5H21V7H7M3,8V5H2V4H4V8H3M2,17V16H5V20H2V19H4V18.5H3V17.5H4V17H2M4.25,10C4.66,10 5,10.34 5,10.75C5,10.95 4.92,11.14 4.79,11.27L3.12,13H5V14H2V13.08L4,11H2V10H4.25Z"
                  />
                </svg>
                <p
                  className="tooltip c27 c28"
                >
                  Ordered List
                </p>
              </div>
            </li>
            <li
              className="c24 c25"
              onClick={[Function]}
            >
              <div
                className="c26"
              >
                <svg
                  className="mdi-icon "
                  fill="currentColor"
                  height={24}
                  viewBox="0 0 24 24"
                  width={24}
                >
                  <path
                    d="M14,17H17L19,13V7H13V13H16M6,17H9L11,13V7H5V13H8L6,17Z"
                  />
                </svg>
                <p
                  className="tooltip c27 c28"
                >
                  Quote block
                </p>
              </div>
            </li>
            <li
              className="c24 c25"
              onClick={[Function]}
            >
              <div
                className="c26"
              >
                <svg
                  className="mdi-icon "
                  fill="currentColor"
                  height={24}
                  viewBox="0 0 24 24"
                  width={24}
                >
                  <path
                    d="M10.59,13.41C11,13.8 11,14.44 10.59,14.83C10.2,15.22 9.56,15.22 9.17,14.83C7.22,12.88 7.22,9.71 9.17,7.76V7.76L12.71,4.22C14.66,2.27 17.83,2.27 19.78,4.22C21.73,6.17 21.73,9.34 19.78,11.29L18.29,12.78C18.3,11.96 18.17,11.14 17.89,10.36L18.36,9.88C19.54,8.71 19.54,6.81 18.36,5.64C17.19,4.46 15.29,4.46 14.12,5.64L10.59,9.17C9.41,10.34 9.41,12.24 10.59,13.41M13.41,9.17C13.8,8.78 14.44,8.78 14.83,9.17C16.78,11.12 16.78,14.29 14.83,16.24V16.24L11.29,19.78C9.34,21.73 6.17,21.73 4.22,19.78C2.27,17.83 2.27,14.66 4.22,12.71L5.71,11.22C5.7,12.04 5.83,12.86 6.11,13.65L5.64,14.12C4.46,15.29 4.46,17.19 5.64,18.36C6.81,19.54 8.71,19.54 9.88,18.36L13.41,14.83C14.59,13.66 14.59,11.76 13.41,10.59C13,10.2 13,9.56 13.41,9.17Z"
                  />
                </svg>
                <p
                  className="tooltip c27 c28"
                >
                  Hyperlink
                </p>
              </div>
            </li>
            <li
              className="c24 c25"
              onClick={[Function]}
            >
              <div
                className="c26"
              >
                <svg
                  className="mdi-icon "
                  fill="currentColor"
                  height={24}
                  viewBox="0 0 24 24"
                  width={24}
                >
                  <path
                    d="M19,19H5V5H19M19,3H5C3.9,3 3,3.9 3,5V19C3,20.1 3.9,21 5,21H19C20.1,21 21,20.1 21,19V5C21,3.9 20.1,3 19,3M13.96,12.29L11.21,15.83L9.25,13.47L6.5,17H17.5L13.96,12.29Z"
                  />
                </svg>
                <p
                  className="tooltip c27 c28"
                >
                  Embeded Image
                </p>
              </div>
            </li>
            <li
              className="c24 c25"
            >
              <a
                className="c4"
                disabled={false}
                href="#"
                onClick={[Function]}
              >
                <svg
                  className="mdi-icon "
                  fill="currentColor"
                  height={27}
                  viewBox="0 0 24 24"
                  width={27}
                >
                  <path
                    d="M12,15H10V13H12V15M18,15H14V13H18V15M8,11H6V9H8V11M18,11H10V9H18V11M20,20H4C2.9,20 2,19.1 2,18V6C2,4.9 2.9,4 4,4H20C21.1,4 22,4.9 22,6V18C22,19.1 21.1,20 20,20M4,6V18H20V6H4Z"
                  />
                </svg>
                <span>
                   Preview
                </span>
              </a>
            </li>
          </ul>
          <textarea
            className="c29 c30"
            disabled={false}
            onChange={[Function]}
            onKeyDown={[Function]}
            rows={1}
            value=""
          />
        </div>
        <p>
          <p
            className="c31"
          >
            Press 
            <a
              className="c6"
              href="#"
              onClick={[Function]}
              rel="noopener noreferer"
            >
              Cmd + Enter
            </a>
            to send
          </p>
        </p>
      </div>
    </div>
  </section>
</section>
`;
