// Jest Snapshot v1, https://goo.gl/fbAQLP

exports[`IssueDetails => CommentsSection component should match the snapshot 1`] = `
.c3 {
  border-radius: 3px;
  font-weight: bold;
  font-size: 14px;
  outline: none;
  text-align: center;
  background: #FFFFFF;
  -webkit-transition: color ease .2s;
  transition: color ease .2s;
  -webkit-transition: background ease .2s;
  transition: background ease .2s;
  width: auto;
  border: 2px solid #FF7079;
  color: #FF7079;
  cursor: pointer;
}

.c3:hover,
.c3:focus {
  background: #FF7079;
  color: #FFFFFF !important;
}

.c3:hover svg,
.c3:focus svg {
  fill: #FFFFFF;
}

.c3:active {
  background: #EF6069;
}

.c7 {
  box-sizing: border-box;
  overflow: hidden;
}

.c6 {
  position: relative;
  display: inline-grid;
  grid-template-rows: 1fr;
}

.c6 span {
  float: left;
  grid-row: 1;
  grid-column: 1;
}

.c6 span:last-child {
  opacity: 0;
  display: none;
}

.c0 {
  background: white;
  padding: 20px;
  margin-bottom: 20px;
}

.c4 {
  list-style-type: none;
  padding: 20px 0px;
  margin: 0px;
  border-radius: 3px;
  background: #F9F9F9;
}

.c4 li:first-child {
  margin-top: 20px;
}

.c4 li {
  margin: 40px 20px 20px 20px;
  display: -webkit-box;
  display: -webkit-flex;
  display: -ms-flexbox;
  display: flex;
  -webkit-box-pack: space-around;
  -webkit-justify-content: space-around;
  -ms-flex-pack: space-around;
  justify-content: space-around;
}

.c4 li div.commentsHeader {
  -webkit-box-flex: 1;
  -webkit-flex-grow: 1;
  -ms-flex-positive: 1;
  flex-grow: 1;
  display: -webkit-box;
  display: -webkit-flex;
  display: -ms-flexbox;
  display: flex;
  -webkit-flex-direction: column;
  -ms-flex-direction: column;
  flex-direction: column;
  min-width: 20%;
}

.c4 li div.commentsHeader h3 {
  margin-top: 20px;
  color: #FF7079;
}

.c4 li div.commentsHeader span:last-child {
  color: #A0A0A0;
  -webkit-transition: color ease .2s;
  transition: color ease .2s;
  text-align: left;
}

.c4 li div.commentsHeader span:last-child:hover {
  color: #3F3844;
}

.c4 li iframe {
  margin-left: 20px;
  padding: 5px 20px 0px 20px;
  background: #FFFFFF;
  border: 1px solid #E9E9E9;
  border-radius: 3px;
  min-height: 100px;
  width: 74%;
}

.c1 {
  display: -webkit-inline-box;
  display: -webkit-inline-flex;
  display: -ms-inline-flexbox;
  display: inline-flex;
  -webkit-box-pack: justify;
  -webkit-justify-content: space-between;
  -ms-flex-pack: justify;
  justify-content: space-between;
  width: 100%;
}

.c1 div:last-child {
  display: -webkit-box;
  display: -webkit-flex;
  display: -ms-flexbox;
  display: flex;
}

.c1 div:last-child button {
  margin-right: 0.5rem;
}

.c1 div:last-child button:last-child {
  margin-right: 0;
}

.c2 {
  -webkit-align-self: center;
  -ms-flex-item-align: center;
  align-self: center;
}

.c5 {
  padding: 8px;
  -webkit-transition: background-color 300ms;
  transition: background-color 300ms;
  padding-left: 11px;
}

<section
  className="c0"
>
  <div>
    <div
      className="c1"
    >
      <h2>
        Comments
      </h2>
      <div>
        <button
          className="c2 c3"
          disabled={false}
          onClick={[Function]}
          type="button"
        >
          <svg
            className="mdi-icon "
            fill="currentColor"
            height={22}
            viewBox="0 0 24 24"
            width={22}
          >
            <path
              d="M20.71,7.04C21.1,6.65 21.1,6 20.71,5.63L18.37,3.29C18,2.9 17.35,2.9 16.96,3.29L15.12,5.12L18.87,8.87M3,17.25V21H6.75L17.81,9.93L14.06,6.18L3,17.25Z"
            />
          </svg>
          Â Editor
        </button>
        <button
          className="c2 c3"
          disabled={false}
          onClick={[Function]}
          type="button"
        >
          <svg
            className="mdi-icon "
            fill="currentColor"
            height={22}
            viewBox="0 0 24 24"
            width={22}
          >
            <path
              d="M10 11V13H18V11H10M10 17V19H14V17H10M10 5V7H22V5H10M6 7H8.5L5 3.5L1.5 7H4V20H6V7Z"
            />
          </svg>
        </button>
      </div>
    </div>
    <ul
      className="c4"
    >
      <li
        className="c5"
      >
        <div
          className="commentsHeader"
        >
          <h3
            className="username"
          >
            John Wayne
          </h3>
          <span
            className="c6"
          >
            <span
              className="date"
            >
              Jan 01 2011
            </span>
            <span
              className="date"
            >
              Jan 01 2011
            </span>
          </span>
        </div>
        <iframe
          className="c7"
          frameBorder="0"
          onLoad={[Function]}
          srcDoc="<p>Hello there</p>"
          width="100%"
        />
      </li>
      <li
        className="c5"
      >
        <div
          className="commentsHeader"
        >
          <h3
            className="username"
          >
            John Wayne
          </h3>
          <span
            className="c6"
          >
            <span
              className="date"
            >
              Jan 02 2011
            </span>
            <span
              className="date"
            >
              Jan 02 2011
            </span>
          </span>
        </div>
        <iframe
          className="c7"
          frameBorder="0"
          onLoad={[Function]}
          srcDoc="<p>Does your town need a hero?</p>"
          width="100%"
        />
      </li>
    </ul>
  </div>
</section>
`;
