// Jest Snapshot v1, https://goo.gl/fbAQLP

exports[`Copyrights Component should match the snapshot 1`] = `
.c1 {
  font-size: 14px;
  padding: 2px;
  cursor: pointer;
}

.c1:hover {
  background: undefined;
  color: undefined;
}

.c0 {
  color: #FF7079;
}

<p
  className="c0"
>
  Created byÂ 
  <a
    className="c1"
    href="https://spring3.github.io/website/"
    onClick={[Function]}
    rel="noopener noreferer"
    type="external"
  >
    Daniyil Vasylenko
  </a>
</p>
`;
