// Jest Snapshot v1, https://goo.gl/fbAQLP

exports[`Date Picker should match the snapshot 1`] = `
.c1 {
  display: block;
  width: 100%;
  border-radius: 3px;
  padding: 5px 10px;
  box-sizing: border-box;
  font-size: 14px;
  min-height: 35px;
  outline: none;
  font-weight: bold;
  -webkit-transition: background;
  transition: background;
  border: 1px solid;
  background: white;
}

.c1:hover {
  border: 1px solid;
}

.c1:focus {
  box-shadow: 0px 0px 0px 1px;
}

.c1::-webkit-input-placeholder {
  font-weight: 500;
}

.c1::-moz-placeholder {
  font-weight: 500;
}

.c1:-ms-input-placeholder {
  font-weight: 500;
}

.c1::placeholder {
  font-weight: 500;
}

.c0 .DayPicker {
  display: inline-block;
  font-size: 1rem;
}

.c0 .DayPicker-wrapper {
  position: relative;
  -webkit-flex-direction: row;
  -ms-flex-direction: row;
  flex-direction: row;
  padding-bottom: 1em;
  -webkit-user-select: none;
  -moz-user-select: none;
  -ms-user-select: none;
  user-select: none;
}

.c0 .DayPicker-Months {
  display: -webkit-box;
  display: -webkit-flex;
  display: -ms-flexbox;
  display: flex;
  -webkit-flex-wrap: wrap;
  -ms-flex-wrap: wrap;
  flex-wrap: wrap;
  -webkit-box-pack: center;
  -webkit-justify-content: center;
  -ms-flex-pack: center;
  justify-content: center;
}

.c0 .DayPicker-Month {
  display: table;
  margin: 0 1em;
  margin-top: 1em;
  border-spacing: 0;
  border-collapse: collapse;
  -webkit-user-select: none;
  -moz-user-select: none;
  -ms-user-select: none;
  user-select: none;
}

.c0 .DayPicker-NavButton {
  position: absolute;
  top: 1em;
  right: 1.5em;
  left: auto;
  display: inline-block;
  margin-top: 2px;
  width: 1.25em;
  height: 1.25em;
  background-position: center;
  background-size: 50%;
  background-repeat: no-repeat;
  cursor: pointer;
}

.c0 .DayPicker-NavButton:hover {
  opacity: 0.8;
}

.c0 .DayPicker-NavButton--prev {
  margin-right: 1.5em;
  left: 1.5em;
  right: unset;
  background-image: url('data:image/svg+xml;utf8,%3Csvg%20xmlns%3D%22http%3A%2F%2Fwww.w3.org%2F2000%2Fsvg%22%20class%3D%22mdi-icon%20%22%20width%3D%2224%22%20height%3D%2224%22%20fill%3D%22%233F3844%22%20viewBox%3D%220%200%2024%2024%22%3E%3Cpath%20d%3D%22M14%2C7L9%2C12L14%2C17V7Z%22%3E%3C%2Fpath%3E%3C%2Fsvg%3E');
  background-size: 1.5rem;
}

.c0 .DayPicker-NavButton--next {
  background-image: url('data:image/svg+xml;utf8,%3Csvg%20xmlns%3D%22http%3A%2F%2Fwww.w3.org%2F2000%2Fsvg%22%20class%3D%22mdi-icon%20%22%20width%3D%2224%22%20height%3D%2224%22%20fill%3D%22%233F3844%22%20viewBox%3D%220%200%2024%2024%22%3E%3Cpath%20d%3D%22M10%2C17L15%2C12L10%2C7V17Z%22%3E%3C%2Fpath%3E%3C%2Fsvg%3E');
  background-size: 1.5rem;
}

.c0 .DayPicker-NavButton--interactionDisabled {
  display: none;
}

.c0 .DayPicker-Caption {
  display: table-caption;
  margin-bottom: 0.5em;
  padding: 0 0.5em;
  text-align: center;
}

.c0 .DayPicker-Caption > div {
  font-weight: 500;
  font-size: 1.15em;
}

.c0 .DayPicker-Weekdays {
  display: table-header-group;
  margin-top: 1em;
}

.c0 .DayPicker-WeekdaysRow {
  display: table-row;
}

.c0 .DayPicker-Weekday {
  display: table-cell;
  padding: 0.5em;
  font-weight: bold;
  text-align: center;
  font-size: 0.875em;
}

.c0 .DayPicker-Weekday abbr[title] {
  border-bottom: none;
  -webkit-text-decoration: none;
  text-decoration: none;
}

.c0 .DayPicker-Body {
  display: table-row-group;
}

.c0 .DayPicker-Week {
  display: table-row;
}

.c0 .DayPicker-Day {
  display: table-cell;
  padding: 0.5em;
  border-radius: 50%;
  vertical-align: middle;
  text-align: center;
  cursor: pointer;
}

.c0 .DayPicker--interactionDisabled .DayPicker-Day {
  cursor: default;
}

.c0 .DayPicker-Footer {
  padding-top: 0.5em;
}

.c0 .DayPicker-Day--today {
  font-weight: 700;
}

.c0 .DayPicker-Day--disabled {
  cursor: default;
}

.c0 .DayPicker-Day--selected:not(.DayPicker-Day--disabled):not(.DayPicker-Day--outside) {
  position: relative;
  font-weight: bold;
}

.c0 .DayPickerInput {
  display: inline-block;
}

.c0 .DayPickerInput-OverlayWrapper {
  position: relative;
  left: -30%;
  bottom: -5px;
}

.c0 .DayPickerInput-Overlay {
  position: absolute;
  left: 0;
  z-index: 1;
  box-shadow: 0 2px 5px rgba(0,0,0,0.15);
}

<div
  className="c0"
>
  <div
    className="DayPickerInput"
  >
    <input
      className="c1"
      disabled={false}
      onBlur={[Function]}
      onChange={[Function]}
      onClick={[Function]}
      onFocus={[Function]}
      onKeyUp={[Function]}
      placeholder={false}
      type="text"
      value={123456789}
    />
  </div>
</div>
`;
