// Jest Snapshot v1, https://goo.gl/fbAQLP

exports[`InfiniteScroll component should match the snapshot 1`] = `
Array [
  <div>
    Hello
  </div>,
  <div>
    World
  </div>,
]
`;
