// Jest Snapshot v1, https://goo.gl/fbAQLP

exports[`Navbar component should match the snapshot 1`] = `
.c1 {
  -webkit-text-decoration: none;
  text-decoration: none;
  -webkit-transition: color ease;
  transition: color ease;
}

.c1:active,
.c1:focus,
.c1:visited {
  background: transparent;
}

.c0 {
  position: fixed;
  top: 0px;
  left: 0px;
  right: 0px;
  z-index: 2;
  height: 50px;
  background: linear-gradient(to bottom,85%,transparent);
  display: -webkit-box;
  display: -webkit-flex;
  display: -ms-flexbox;
  display: flex;
  -webkit-align-items: center;
  -webkit-box-align: center;
  -ms-flex-align: center;
  align-items: center;
  -webkit-box-pack: justify;
  -webkit-justify-content: space-between;
  -ms-flex-pack: justify;
  justify-content: space-between;
  padding: 20px 40px 0px 40px;
}

.c0 ul {
  list-style-type: none;
  padding: 0;
  margin: 0;
  display: -webkit-box;
  display: -webkit-flex;
  display: -ms-flexbox;
  display: flex;
  -webkit-align-items: center;
  -webkit-box-align: center;
  -ms-flex-align: center;
  align-items: center;
}

.c0 ul li {
  display: inline;
  font-size: 15px;
  font-weight: bold;
  -webkit-transition: color ease;
  transition: color ease;
}

.c0 ul li a {
  -webkit-text-decoration: none;
  text-decoration: none;
  -webkit-transition: color ease;
  transition: color ease;
  padding-bottom: 5px;
}

.c0 ul li a.active {
  border-bottom: 2px solid;
}

.c0 ul li:hover {
  cursor: pointer;
}

.c0 ul:first-child li {
  margin: 0px 20px;
}

.c0 ul:first-child li:first-child {
  margin-left: 0;
}

.c0 ul:last-child li {
  margin: 0px 20px;
}

.c0 ul:last-child li:last-child {
  margin-right: 0px;
}

<nav
  className="c0"
>
  <ul>
    <li>
      <a
        aria-current={null}
        href="#/app/summary"
        onClick={[Function]}
      >
        Summary
      </a>
    </li>
  </ul>
  <ul>
    <li>
      <a
        href="#/app/summary"
        onClick={[Function]}
      >
        Anonymous
      </a>
    </li>
    <li>
      <a
        className="c1"
        disabled={false}
        href="#"
        id="signout"
        onClick={[Function]}
      >
        Sign out
      </a>
    </li>
  </ul>
</nav>
`;
